Running Gradle task 'assembleRelease'...                        
Expected to find fonts for (packages/cupertino_icons/CupertinoIcons, MaterialIcons), but found (MaterialIcons). This usually means you are referring to font families in an IconData class but not including them in the assets section of your pubspec.yaml, are missing the package that would include them, or are missing "uses-material-design: true".
Font asset "MaterialIcons-Regular.otf" was tree-shaken, reducing it from 1645184 to 22028 bytes (98.7% reduction). Tree-shaking can be disabled by providing the --no-tree-shake-icons flag when building your app.
Running Gradle task 'assembleRelease'...                           11,7s

┌─ Flutter Fix ───────────────────────────────────────────────────────────────────────────────────┐
│ [!] Consult the error logs above to identify any broken plugins, specifically those containing  │
│ "error: cannot find symbol..."                                                                  │
│ This issue is likely caused by v1 embedding removal and the plugin's continued usage of removed │
│ references to the v1 embedding.                                                                 │
│ To fix this error, please upgrade your current package's dependencies to latest versions by     │
│ running `flutter pub upgrade`.                                                                  │
│ If that does not work, please file an issue for the problematic plugin(s) here:                 │
│ https://github.com/flutter/flutter/issues                                                       │
└─────────────────────────────────────────────────────────────────────────────────────────────────┘
